_dll1_fn1               dll_long _dll1_fn1               ?
_dll1_fn2               dll_long _dll1_fn2               ?
_dll2_fn1               dll_long _dll2_fn1               ?
_dll2_fn2               dll_long _dll2_fn2               ?
_dll3_fn1               dll_long _dll3_fn1               ?
_dll3_fn2               dll_long _dll3_fn2               ?
